src/components/AdminDashboard.tsx(376,8): error TS17008: JSX element 'motion.div' has no corresponding closing tag.
src/components/AdminDashboard.tsx(439,5): error TS1005: ')' expected.
src/components/AdminDashboard.tsx(442,9): error TS1005: ';' expected.
src/components/AdminDashboard.tsx(444,11): error TS1005: ';' expected.
src/components/AdminDashboard.tsx(444,190): error TS1109: Expression expected.
src/components/AdminDashboard.tsx(861,7): error TS1128: Declaration or statement expected.
src/components/AdminDashboard.tsx(862,5): error TS1109: Expression expected.
src/components/AdminDashboard.tsx(863,3): error TS1109: Expression expected.
src/components/AdminDashboard.tsx(864,1): error TS1128: Declaration or statement expected.
